FFF                                                                      [100%]
=================================== FAILURES ===================================
____ test_continuation_helper_does_not_accept_temporal_owner_runtime_facts _____

    def test_continuation_helper_does_not_accept_temporal_owner_runtime_facts():
        from printer_v1.discovery.eligible_token_supply import (
            decide_pre_lifecycle_supply_continuation,
        )
    
        signature = inspect.signature(decide_pre_lifecycle_supply_continuation)
        for forbidden in (
            "supervision_active",
            "cancellation_requested",
            "pending_refresh_exists",
        ):
>           assert forbidden not in signature.parameters
E           assert 'supervision_active' not in mappingproxy(OrderedDict({'freeze_ready_depth': <Parameter "freeze_ready_depth: 'int'">, 'enrichment_work_remaining': ...esh_interval_seconds: 'int' = 600">, 'minimum_freeze_depth': <Parameter "minimum_freeze_depth: 'int | None' = None">}))
E            +  where mappingproxy(OrderedDict({'freeze_ready_depth': <Parameter "freeze_ready_depth: 'int'">, 'enrichment_work_remaining': ...esh_interval_seconds: 'int' = 600">, 'minimum_freeze_depth': <Parameter "minimum_freeze_depth: 'int | None' = None">})) = <Signature (*, freeze_ready_depth: 'int', enrichment_work_remaining: 'bool', source_operations_remaining: 'int', acqui..._interval_seconds: 'int' = 600, minimum_freeze_depth: 'int | None' = None) -> 'PreLifecycleSupplyContinuationDecision'>.parameters

tests/test_v2_9_8b_continuation_owner_truth.py:17: AssertionError
___ test_no_lawful_static_refresh_window_can_close_as_coverage_insufficient ____

    def test_no_lawful_static_refresh_window_can_close_as_coverage_insufficient():
        from printer_v1.discovery.eligible_token_supply import (
            PRE_LIFECYCLE_DISCOVERY_SELECTION_COVERAGE_INSUFFICIENT,
            decide_pre_lifecycle_supply_continuation,
        )
    
>       decision = decide_pre_lifecycle_supply_continuation(
            freeze_ready_depth=2,
            enrichment_work_remaining=False,
            source_operations_remaining=4,
            acquisition_deadline_at="2026-09-01T00:05:00+00:00",
            now="2026-09-01T00:00:00+00:00",
            universe_state="ALL_REACHABLE_CANDIDATES_EVALUATED",
            refresh_interval_seconds=600,
        )
E       TypeError: decide_pre_lifecycle_supply_continuation() missing 3 required keyword-only arguments: 'supervision_active', 'cancellation_requested', and 'pending_refresh_exists'

tests/test_v2_9_8b_continuation_owner_truth.py:38: TypeError
_______ test_production_supply_delegates_temporal_runtime_truth_to_owner _______

    def test_production_supply_delegates_temporal_runtime_truth_to_owner():
        import printer_v1.discovery.eligible_token_supply as supply
    
        source = inspect.getsource(supply.run_persistent_eligible_token_supply)
>       assert "supervision_active=True" not in source
E       assert 'supervision_active=True' not in 'def run_per...on.close()\n'
E         
E         'supervision_active=True' is contained here:
E                     supervision_active=True,
E                           cancellation_requested=False,
E                           pending_refresh_exists=False,
E                           refresh_interval_seconds=int(
E                               getattr(temporal_refresh_owner, "refresh_interval_seconds", 600)
E                           ),
E                       )
E                       if continuation.status == WAITING_FOR_ELIGIBLE_SUPPLY:
E                           if _request_temporal_refresh(
E                               "ALL_REACHABLE_CANDIDATES_EVALUATED"
E                           ):
E                               pass
E                           # Whether claimed refresh completed or wait was published, the
E                           # temporal owner outcome is authoritative in last_stop_reason.
E                       elif (
E                           continuation.status
E                           == PRE_LIFECYCLE_DISCOVERY_SELECTION_COVERAGE_INSUFFICIENT
E                       ):
E                           last_stop_reason = (
E                               PRE_LIFECYCLE_DISCOVERY_SELECTION_COVERAGE_INSUFFICIENT
E                           )
E           
E                   if ready:
E                       terminal = GRADUATED_SUPPLY_READY
E                       last_stop_reason = "ELIGIBLE_CAPACITY_MET"
E                   elif last_stop_reason in {
E                       WAITING_FOR_ELIGIBLE_SUPPLY,
E                       ACQUISITION_QUANTUM_YIELDED,
E                   }:
E                       # Design §8.6 — current-universe exhaustion with a lawful, durably
E                       # owned future refresh is a nonterminal acquisition state. No
E                       # shortage classification and no exhaustion certificate is emitted,
E                       # because no shortage has been proven.
E                       terminal = last_stop_reason
E                   elif last_stop_reason == PRE_LIFECYCLE_DISCOVERY_SELECTION_COVERAGE_INSUFFICIENT:
E                       terminal = BLOCKED_INSUFFICIENT_ELIGIBLE_GRADUATED_POOL
E                   else:
E                       terminal = BLOCKED_INSUFFICIENT_ELIGIBLE_GRADUATED_POOL
E                       all_channels_exhausted = (
E                           unexplored_remaining == 0
E                           and last_stop_reason
E                           in {
E                               "ALL_REACHABLE_CANDIDATES_EVALUATED",
E                               "NO_ADDITIONAL_UNIQUE_CANDIDATES_REACHABLE",
E                           }
E                       )
E                       # Budget exhaustion is legal only when flat or stage capacity that
E                       # could execute remaining queued work is actually gone.
E                       executable_stage_capacity = 0
E                       if permanent_availability:
E                           for stage_name in (
E                               "market_batching",
E                               "reconciliation",
E                               "protocol_confirmation",
E                           ):
E                               if not stage_budget.is_sealed(stage_name):
E                                   executable_stage_capacity += stage_budget.available(
E                                       stage_name
E                                   )
E                       true_flat_exhausted = _ops_remaining() <= 0
E                       true_stage_exhausted = (
E                           permanent_availability
E                           and executable_stage_capacity <= 0
E                           and last_stop_reason == "DISCOVERY_OPERATION_BUDGET_EXHAUSTED"
E                       )
E                       if (
E                           last_stop_reason == "DISCOVERY_OPERATION_BUDGET_EXHAUSTED"
E                           and not true_flat_exhausted
E                           and not true_stage_exhausted
E                           and unexplored_remaining > 0
E                       ):
E                           # Do not emit false budget exhaustion while capacity remains.
E                           last_stop_reason = "LAWFUL_WORK_REMAINING_WITH_CAPACITY"
E                       unexplored_prevented = last_stop_reason in {
E                           "DISCOVERY_OPERATION_BUDGET_EXHAUSTED",
E                           "CAMPAIGN_DURATION_EXHAUSTED",
E                       } and unexplored_remaining > 0
E                       terminal_provider_failures, terminal_channels_unavailable = (
E                           _temporal_terminal_source_failure_facts(
E                               provider_failures=provider_failures,
E                               channels_unavailable=channels_unavailable,
E                               acquisition_ledger=acquisition_ledger,
E                               last_stop_reason=last_stop_reason,
E                           )
E                       )
E                       shortage = classify_shortage(
E                           provider_failures=terminal_provider_failures,
E                           channels_unavailable=terminal_channels_unavailable,
E                           duration_remaining_seconds=duration_remaining,
E                           source_operations_remaining=_ops_remaining(),
E                           unexplored_unique_remaining=unexplored_remaining,
E                           eligible_count=len(eligible_list),
E                           unique_tokens_observed=len(evaluated_mints),
E                           discovery_rounds=discovery_rounds,
E                           evaluation_batch_size=front_door_max_candidates,
E                           all_channels_exhausted=all_channels_exhausted,
E                           liquidity_source_unavailable=liquidity_outcome_counts.get(
E                               LIQUIDITY_SOURCE_UNAVAILABLE, 0
E                           ),
E                           liquidity_stale_or_rate_limited=liquidity_outcome_counts.get(
E                               LIQUIDITY_SOURCE_RATE_LIMITED_OR_STALE, 0
E                           ),
E                           liquidity_malformed_or_partial=liquidity_outcome_counts.get(
E                               LIQUIDITY_RESPONSE_MALFORMED_OR_PARTIAL, 0
E                           ),
E                       )
E                       shortage = _apply_permanent_shortage_precedence(
E                           shortage=shortage,
E                           last_stop_reason=last_stop_reason,
E                           tracking_dispositions=tracking_dispositions,
E                           provider_failures=terminal_provider_failures,
E                           channels_unavailable=terminal_channels_unavailable,
E                           liquidity_source_unavailable=liquidity_outcome_counts.get(LIQUIDITY_SOURCE_UNAVAILABLE, 0),
E                           liquidity_stale_or_rate_limited=liquidity_outcome_counts.get(LIQUIDITY_SOURCE_RATE_LIMITED_OR_STALE, 0),
E                           liquidity_malformed_or_partial=liquidity_outcome_counts.get(LIQUIDITY_RESPONSE_MALFORMED_OR_PARTIAL, 0),
E                           true_budget_exhausted=bool(true_flat_exhausted or true_stage_exhausted),
E                           duration_exhausted=bool(
E                               last_stop_reason == "CAMPAIGN_DURATION_EXHAUSTED"
E                               or (duration_remaining is not None and duration_remaining <= 0)
E                           ),
E                       )
E                       if acquisition_ledger is not None:
E                           # Design §8 — controlling temporal terminals override the
E                           # instantaneous-universe classification, fail-closed and in
E                           # order. A closed acquisition horizon is duration exhaustion,
E                           # never "true market supply shortage".
E                           if last_stop_reason == PRE_LIFECYCLE_ACQUISITION_DURATION_EXHAUSTED:
E                               shortage = DURATION_EXHAUSTION
E                           elif last_stop_reason == "SOURCE_AVAILABILITY_FAILURE_DURING_REFRESH":
E                               shortage = SOURCE_AVAILABILITY_FAILURE
E                           elif last_stop_reason in {
E                               DISCOVERY_ARCHITECTURE_FALSE_SHORTAGE,
E                               INTERNAL_INVARIANT,
E                               INTERNAL_RUNTIME_ERROR,
E                           }:
E                               shortage = DISCOVERY_ARCHITECTURE_FALSE_SHORTAGE
E                           elif (
E                               shortage == TRUE_MARKET_SUPPLY_SHORTAGE
E                               and acquisition_ledger.remaining_seconds(_utc_now_iso()) > 0
E                               and acquisition_ledger.opportunities_scheduled > 0
E                           ):
E                               # One instantaneous universe exhaustion inside a live
E                               # horizon is never a proven true market shortage.
E                               shortage = DURATION_EXHAUSTION
E                           acquisition_ledger.controlling_shortage_classification = shortage
E                       certificate = ExhaustionCertificate(
E                           certificate_id=(
E                               f"exh-{execution_id or campaign_id or uuid.uuid4().hex[:12]}"
E                           ),
E                           campaign_id=campaign_id,
E                           execution_id=execution_id,
E                           run_id=run_id,
E                           cycle_id=cycle_id,
E                           required_eligible_capacity=required_token_capacity,
E                           eligible_reserve_count=len(eligible_list),
E                           approved_discovery_channels_attempted=channels_attempted,
E                           channels_unavailable=channels_unavailable,
E                           unique_tokens_observed=len(evaluated_mints),
E                           duplicate_observations_removed=duplicate_observations_removed,
E                           tokens_already_known_from_inventory=inventory_known_at_start,
E                           pools_confirmed=pools_confirmed,
E                           fresh_market_checks=fresh_market_checks,
E                           eligible_count=len(eligible_list),
E                           rejected_count=sum(1 for c in all_candidates if not c.get("eligible")),
E                           rejection_reasons=dict(rejection_reasons),
E                           cooldown_skips=cooldown_skips,
E                           stale_evidence_exclusions=stale_exclusions,
E                           provider_failures=provider_failures,
E                           liquidity_stage_provider_failures=(
E                               liquidity_stage_provider_failures
E                           ),
E                           liquidity_outcome_counts=dict(liquidity_outcome_counts),
E                           candidate_liquidity_lineage=[
E                               _candidate_liquidity_lineage(candidate)
E                               for candidate in all_candidates
E                           ],
E                           source_operations_used=ops_used,
E                           source_operations_remaining=_ops_remaining(),
E                           duration_used_seconds=duration_used,
E                           duration_remaining_seconds=duration_remaining,
E                           unexplored_work_prevented_by_hard_ceiling=unexplored_prevented,
E                           last_reason_discovery_could_not_continue=last_stop_reason,
E                           shortage_classification=shortage,
E                           discovery_rounds=discovery_rounds,
E                           created_at=now,
E                           pre_lifecycle_acquisition=(
E                               None
E                               if acquisition_ledger is None
E                               else acquisition_ledger.to_dict(now=_utc_now_iso())
E                           ),
E                       )
E                       if persist_terminal_certificate:
E                           persist_exhaustion_certificate(connection, certificate)
E                       connection.commit()
E           
E                   # Build a synthetic front-door report compatible with existing consumers.
E                   combined_reserve = eligible_list[: max(required_token_capacity, len(eligible_list))]
E                   synthetic_front_door = dict(last_front_door) if last_front_door else {}
E                   synthetic_front_door.update(
E                       {
E                           "candidates": [
E                               {
E                                   "mint": c["mint"],
E                                   "pool": c["pumpswap_pool"],
E                                   "market_identity": c["market_identity"],
E                                   "provenance": c["provenance"],
E                                   "lifecycle_state": c.get("lifecycle_state"),
E                                   "graduation_block_time": c.get("graduation_block_time"),
E                                   "liquidity": dict(c.get("liquidity") or {}),
E                                   "evidence_expires_at": c.get("evidence_expires_at"),
E                                   "historical_reserve_evidence": c.get(
E                                       "historical_reserve_evidence"
E                                   ),
E                                   "current_eligibility_status": c.get(
E                                       "current_eligibility_status",
E                                       ELIGIBLE_FRESH if c.get("eligible") else EXCLUDED,
E                                   ),
E                                   "excluded_before_market_source": bool(
E                                       c.get("excluded_before_market_source")
E                                   ),
E                                   "tracking_handoff": dict(c.get("tracking_handoff") or {}),
E                                   "tracking_requalification_required": bool(
E                                       c.get("tracking_requalification_required")
E                                       or (c.get("tracking_handoff") or {}).get(
E                                           "requalification_required"
E                                       )
E                                   ),
E                                   "eligible": bool(c.get("eligible")),
E                                   "rejection": (
E                                       None if c.get("eligible") else _candidate_rejection_reason(c)
E                                   ),
E                               }
E                               for c in all_candidates
E                           ],
E                           "candidate_count": len(all_candidates),
E                           "combined_reserve_order": [
E                               {
E                                   "mint": c["mint"],
E                                   "pool": c["pumpswap_pool"],
E                                   "market_identity": c["market_identity"],
E                                   "provenance": c["provenance"],
E                                   "lifecycle_state": c.get("lifecycle_state"),
E                                   "graduation_block_time": c.get("graduation_block_time"),
E                                   "liquidity": dict(c.get("liquidity") or {}),
E                                   "evidence_expires_at": c.get("evidence_expires_at"),
E                                   "tracking_handoff": dict(c.get("tracking_handoff") or {}),
E                                   "tracking_requalification_required": bool(
E                                       c.get("tracking_requalification_required")
E                                   ),
E                                   "eligible": True,
E                                   "rejection": None,
E                               }
E                               for c in combined_reserve
E                           ],
E                           "holder_reserve_order": [
E                               {
E                                   "mint": c["mint"],
E                                   "pool": c["pumpswap_pool"],
E                                   "market_identity": c["market_identity"],
E                                   "provenance": c["provenance"],
E                                   "eligible": True,
E                               }
E                               for c in combined_reserve
E                           ],
E                           "latest_eligible_count": sum(
E                               1
E                               for c in eligible_list
E                               if "LATEST" in str(c.get("provenance") or "")
E                           ),
E                           "persisted_eligible_count": sum(
E                               1
E                               for c in eligible_list
E                               if "LATEST" not in str(c.get("provenance") or "")
E                           ),
E                           "market_calls": fresh_market_checks,
E                           "cooldown_skip_count": cooldown_skips,
E                           "selection_floor_usd": SELECTION_FLOOR_USD,
E                           "discovery_rounds": discovery_rounds,
E                           "evaluated_unique_mints": len(evaluated_mints),
E                           "eligible_reserve_count": len(eligible_list),
E                           "permanent_market_reports": permanent_market_reports,
E                       }
E                   )
E           
E                   integrity = connection.execute("PRAGMA integrity_check").fetchone()[0]
E                   fk = connection.execute("PRAGMA foreign_key_check").fetchall()
E           
E                   diagnostics = {
E                       "cooperative_phase": cooperative_phase,
E                       "next_cooperative_phase": (
E                           "AUXILIARY_LIQUIDITY_BACKUP"
E                           if cooperative_quantum
E                           and cooperative_phase == "AUXILIARY_FRESH_INTAKE"
E                           else "AUXILIARY_LIQUIDITY_BACKUP"
E                           if cooperative_quantum
E                           and cooperative_phase == "AUXILIARY_LIQUIDITY_BACKUP"
E                           and liquidity_backup_work_remaining
E                           else "AUXILIARY_PROTOCOL_CONFIRMATION"
E                           if cooperative_quantum
E                           and cooperative_phase == "AUXILIARY_LIQUIDITY_BACKUP"
E                           else "AUXILIARY_PROTOCOL_CONFIRMATION"
E                           if cooperative_quantum
E                           and cooperative_phase == "AUXILIARY_PROTOCOL_CONFIRMATION"
E                           and protocol_confirmation_work_remaining
E                           else "DIRECT_MIGRATION"
E                           if cooperative_quantum
E                           and cooperative_phase == "DIRECT_MIGRATION"
E                           and str(discovery.get("status") or "")
E                           == ACQUISITION_QUANTUM_YIELDED
E                           else "DIRECT_MIGRATION"
E                           if cooperative_quantum
E                           and cooperative_phase == "AUXILIARY_PROTOCOL_CONFIRMATION"
E                           # One attempt performs at most one LIVE_TAIL page and one
E                           # BACKFILL page, always in separate Scheduler claims.
E                           else "DIRECT_MIGRATION"
E                           if cooperative_quantum
E                           and cooperative_phase == "DIRECT_MIGRATION"
E                           and direct_backfill_due
E                           else "MARKET_DISCOVERY"
E                           if cooperative_quantum and cooperative_phase == "DIRECT_MIGRATION"
E                           else "PROTOCOL_CONFIRMATION"
E                           if cooperative_quantum
E                           and cooperative_phase == "MARKET_DISCOVERY"
E                           and bool(work_queues["PROTOCOL_CONFIRMATION_DUE"])
E                           else "PROTOCOL_RESUME_MARKET"
E                           if cooperative_quantum
E                           and cooperative_phase == "PROTOCOL_CONFIRMATION"
E                           and bool(work_queues["PROTOCOL_RESUME_MARKET_DUE"])
E                           else "PROTOCOL_CONFIRMATION"
E                           if cooperative_quantum
E                           and cooperative_phase == "PROTOCOL_CONFIRMATION"
E                           and protocol_confirmation_work_remaining
E                           else "PROTOCOL_RESUME_MARKET"
E                           if cooperative_quantum
E                           and cooperative_phase == "PROTOCOL_RESUME_MARKET"
E                           and protocol_resume_market_work_remaining
E                           else "PROTOCOL_CONFIRMATION"
E                           if cooperative_quantum
E                           and cooperative_phase == "PROTOCOL_RESUME_MARKET"
E                           and bool(work_queues["PROTOCOL_CONFIRMATION_DUE"])
E                           else "MARKET_DISCOVERY"
E                           if cooperative_quantum
E                           else None
E                       ),
E                       # --- Slice B direct acquisition mode state -----------------------
E                       "direct_acquisition_mode": (
E                           direct_acquisition_mode if run_direct_this_quantum else None
E                       ),
E                       "next_direct_acquisition_mode": (
E                           BACKFILL_MODE
E                           if direct_backfill_due
E                           # The next attempt always restarts at the live tail.
E                           else LIVE_TAIL_MODE
E                       ),
E                       "direct_live_tail_completed": bool(
E                           run_direct_this_quantum
E                           and direct_acquisition_mode == LIVE_TAIL_MODE
E                           and str(discovery.get("status") or "")
E                           != ACQUISITION_QUANTUM_YIELDED
E                       ),
E                       "direct_backfill_completed": bool(
E                           run_direct_this_quantum
E                           and direct_acquisition_mode == BACKFILL_MODE
E                           and str(discovery.get("status") or "")
E                           != ACQUISITION_QUANTUM_YIELDED
E                       ),
E                       "direct_migration_cursor": dict(
E                           discovery.get("cursor_state_after") or {}
E                       ),
E                       "direct_migration_indexed_address": discovery.get("indexed_address"),
E                       "direct_signature_pages_requested": int(
E                           discovery.get("signature_pages_requested") or 0
E                       ),
E                       "confirmed_this_cycle": int(discovery.get("confirmed_count") or 0),
E                       "latest_graduated_count": int(discovery.get("latest_graduated_count") or 0),
E                       "persisted_graduated_count": int(
E                           discovery.get("persisted_graduated_count") or 0
E                       ),
E                       "front_door_candidate_count": len(all_candidates),
E                       "latest_eligible_count": synthetic_front_door["latest_eligible_count"],
E                       "persisted_eligible_count": synthetic_front_door["persisted_eligible_count"],
E                       "combined_reserve_count": len(eligible_list),
E                       "below_floor_count": int(rejection_reasons.get(LIQUIDITY_BELOW_SELECTION_FLOOR, 0)),
E                       "unproven_count": int(rejection_reasons.get(LIQUIDITY_UNPROVEN, 0)),
E                       "selection_floor_usd": SELECTION_FLOOR_USD,
E                       "discovery_forbidden_delta_total": int(
E                           discovery.get("forbidden_delta_total") or 0
E                       ),
E                       "front_door_forbidden_delta_total": int(
E                           (last_front_door or {}).get("forbidden_delta_total") or 0
E                       ),
E                       "locator_status": locator.get("status"),
E                       "locator_matched_count": int(locator.get("matched_count") or 0),
E                       "locator_source_requests": int(locator.get("source_requests") or 0),
E                       "dexscreener_locator": {
E                           "request_id": locator.get("request_id"),
E                           "source_request_ids": list(
E                               locator.get("source_request_ids")
E                               or (
E                                   [int(locator["request_id"])]
E                                   if locator.get("request_id") is not None
E                                   else []
E                               )
E                           ),
E                           "source_request_coverage": list(
E                               locator.get("source_request_coverage") or ()
E                           ),
E                           "status": locator.get("status"),
E                           "source_requests": int(locator.get("source_requests") or 0),
E                           "accounting_blocker": bool(locator.get("accounting_blocker")),
E                           "accounting_blocker_reason": locator.get(
E                               "accounting_blocker_reason"
E                           ),
E                       },
E                       "direct_migration_discovery": {
E                           "source_request_ids": list(
E                               discovery.get("source_request_ids")
E                               or (discovery.get("source_operation_ledger") or {}).get(
E                                   "source_request_ids"
E                               )
E                               or (discovery.get("source_operation_ledger") or {}).get(
E                                   "request_ids"
E                               )
E                               or ()
E                           ),
E                           "source_request_coverage": list(
E                               discovery.get("source_request_coverage")
E                               or (discovery.get("source_operation_ledger") or {}).get(
E                                   "source_request_coverage"
E                               )
E                               or ()
E                           ),
E                           "status": discovery.get("status"),
E                           "source_operation_ledger": dict(
E                               discovery.get("source_operation_ledger") or {}
E                           ),
E                           "campaign_safe_stop": bool(discovery.get("campaign_safe_stop")),
E                           "accounting_block_reason": discovery.get("accounting_block_reason"),
E                           "accounting_blocker": bool(
E                               discovery.get("campaign_safe_stop")
E                               or discovery.get("accounting_blocker")
E                           ),
E                           "accounting_blocker_reason": discovery.get(
E                               "accounting_blocker_reason"
E                           )
E                           or discovery.get("accounting_block_reason"),
E                           "new_governed_request_count": direct_new_source_requests,
E                           "next_governed_request_kind": discovery.get(
E                               "next_governed_request_kind"
E                           ),
E                           "next_governed_request_worst_case_seconds": discovery.get(
E                               "next_governed_request_worst_case_seconds"
E                           ),
E                       },
E                       "geckoterminal_nomination": geckoterminal_nomination_report,
E                       "discovery_source_requests": direct_new_source_requests,
E                       "direct_migration_protocol_confirmation_requests": (
E                           direct_protocol_confirmation_calls
E                       ),
E                       "front_door_liquidity_requests": fresh_market_checks,
E                       "stage_local_source_requests": ops_used,
E                       "integrity_check": integrity,
E                       "foreign_key_violations": len(fk),
E                       "discovery_rounds": discovery_rounds,
E                       "evaluated_unique_mints": len(evaluated_mints),
E                       "unexplored_unique_remaining": unexplored_remaining,
E                       "discovery_operation_budget": discovery_operation_budget,
E                       "discovery_operations_used": ops_used,
E                       "discovery_operations_remaining": _ops_remaining(),
E                       "last_stop_reason": last_stop_reason,
E                       "shortage_classification": shortage,
E                       "pre_lifecycle_acquisition": (
E                           None
E                           if acquisition_ledger is None
E                           else acquisition_ledger.to_dict(now=_utc_now_iso())
E                       ),
E                       "required_token_capacity": required_token_capacity,
E                       "freeze_ready_depth": int(freeze_ready_depth_measured),
E                       "freeze_ready_measurement": dict(freeze_ready_measurement_diagnostics),
E                       "eligible_reserve_count": len(eligible_list),
E                       "cooldown_skips": cooldown_skips,
E                       "tracking_precheck_enabled": bool(tracking_precheck),
E                       "tracking_dispositions": dict(tracking_dispositions),
E                       "tracking_terminal_cause": next(
E                           (
E                               str(item.get("category"))
E                               for _, item in sorted(tracking_dispositions.items())
E                               if not bool(item.get("eligible_for_evidence"))
E                           ),
E                           None,
E                       ),
E                       "pre_source_tracking_exclusions": sum(
E                           1
E                           for candidate in all_candidates
E                           if candidate.get("excluded_before_market_source")
E                       ),
E                       "stale_evidence_exclusions": stale_exclusions,
E                       "provider_failures": provider_failures,
E                       "liquidity_stage_provider_failures": (
E                           liquidity_stage_provider_failures
E                       ),
E                       "channels_unavailable": sorted(set(channels_unavailable)),
E                       "liquidity_outcome_counts": dict(liquidity_outcome_counts),
E                       "candidate_liquidity_lineage": [
E                           _candidate_liquidity_lineage(candidate)
E                           for candidate in all_candidates
E                       ],
E                       "duplicate_observations_removed": duplicate_observations_removed,
E                       "evaluation_batch_size": front_door_max_candidates,
E                       "permanent_availability": bool(permanent_availability),
E                       "protocol_confirmation": {
E                           "source_request_ids": list(
E                               (protocol_report or {}).get("source_request_ids") or ()
E                           ),
E                           "source_request_coverage": list(
E                               (protocol_report or {}).get("source_request_coverage") or ()
E                           ),
E                           "promoted_observation_eligible_count": len(
E                               (protocol_report or {}).get("promoted_observation_eligible")
E                               or ()
E                           ),
E                           "requires_market_revalidation_count": len(
E                               (protocol_report or {}).get("requires_market_revalidation")
E                               or ()
E                           ),
E                           "outcome_counts": dict(
E                               (protocol_report or {}).get("outcome_counts") or {}
E                           ),
E                           "sealed_stage_present": bool(
E                               (protocol_report or {}).get("sealed_stage_evidence")
E                           ),
E                           "sealed_stage_evidence_blocks": list(
E                               (protocol_report or {}).get("sealed_stage_evidence_blocks")
E                               or ()
E                           ),
E                           "accounting_blocker": bool(
E                               (protocol_report or {}).get("accounting_blocker")
E                           ),
E                           "accounting_blocker_reason": (
E                               protocol_report or {}
E                           ).get("accounting_blocker_reason"),
E                       },
E                       "liquidity_backup": {
E                           "source_requests": int(
E                               liquidity_backup_report.get("source_requests") or 0
E                           ),
E                           "source_request_ids": list(
E                               liquidity_backup_report.get("source_request_ids") or ()
E                           ),
E                           "source_request_coverage": list(
E                               liquidity_backup_report.get("source_request_coverage") or ()
E                           ),
E                           "transport_operations": int(
E                               liquidity_backup_report.get("transport_operations") or 0
E                           ),
E                           "accounting_blocker": bool(
E                               liquidity_backup_report.get("accounting_blocker")
E                           ),
E                           "accounting_blocker_reason": liquidity_backup_report.get(
E                               "accounting_blocker_reason"
E                           ),
E                           "attempts": list(liquidity_backup_report.get("attempts") or ()),
E                           "above_floor_promoted_to_protocol_due": int(
E                               liquidity_backup_report.get(
E                                   "above_floor_promoted_to_protocol_due"
E                               )
E                               or 0
E                           ),
E                           "below_floor": int(liquidity_backup_report.get("below_floor") or 0),
E                           "exact_pool_no_match": int(
E                               liquidity_backup_report.get("exact_pool_no_match") or 0
E                           ),
E                           "still_unknown": int(
E                               liquidity_backup_report.get("still_unknown") or 0
E                           ),
E                       },
E                       "geckoterminal_nomination": dict(geckoterminal_nomination_report),
E                       "permanent_market_reports": list(permanent_market_reports),
E                       "campaign_source_request_coverage": _current_source_request_coverage(),
E                       "discovery_request_key_prefix": discovery_request_key_prefix,
E                       "memory_observation_eligible_count": sum(
E                           1
E                           for item in eligible_list
E                           if item.get("memory_observation_eligible") is True
E                       ),
E                       "nominations_by_source": {
E                           "direct_pump_migration": int(
E                               discovery.get("confirmed_count") or 0
E                           ),
E                           "dexscreener_fresh_profiles": int(
E                               locator.get("surfaced_count") or 0
E                           ),
E                           "geckoterminal_new_pools": len(
E                               geckoterminal_nomination_report.get("nominations") or ()
E                           ),
E                           "due_persisted_graduated": int(inventory_known_at_start),
E                       },
E                       "unique_mints_by_source": {
E                           "direct_pump_migration": sorted(latest_mints),
E                           "dexscreener_fresh_profiles": sorted(
E                               {
E                                   str(item.get("mint") or "")
E                                   for item in locator.get("pool_observations") or ()
E                                   if item.get("mint")
E                               }
E                           ),
E                           "geckoterminal_new_pools": sorted(
E                               {
E                                   str(item.get("mint") or "")
E                                   for item in geckoterminal_nomination_report.get(
E                                       "nominations"
E                                   )
E                                   or ()
E                                   if item.get("mint")
E                               }
E                           ),
E                       },
E                       "permanent_batch_sizes": [
E                           size
E                           for report in permanent_market_reports
E                           for size in report.get("batch_sizes", ())
E                       ],
E                       "exact_pools_by_mint": {
E                           mint: pools
E                           for report in permanent_market_reports
E                           for mint, pools in report.get("exact_pools_by_mint", {}).items()
E                       },
E                       "market_ready_count": len(eligible_list),
E                       "reconciliation_outcomes": [
E                           outcome
E                           for report in permanent_market_reports
E                           for outcome in report.get("reconciliation_outcomes", ())
E                       ],
E                       "state_transition_ids": [
E                           transition_id
E                           for report in permanent_market_reports
E                           for transition_id in report.get("state_transition_ids", ())
E                       ],
E                       "suppressed_exact_pool_count": sum(
E                           int(report.get("suppressed_exact_pool_count") or 0)
E                           for report in permanent_market_reports
E                       ),
E                       "local_zero_source_exclusions": [
E                           exclusion
E                           for report in permanent_market_reports
E                           for exclusion in report.get("local_zero_source_exclusions", ())
E                       ],
E                       "stage_reservations": {
E                           name: reserved for name, reserved in stage_budget.reservations
E                       },
E                       "stage_operations_used": dict(stage_budget.used_by_stage),
E                       "stage_total_ceiling": stage_budget.total_ceiling,
E                       "stage_capacity": stage_budget.snapshot(),
E                       "sealed_stages": sorted(stage_budget.sealed),
E                       "unsealed_stages": [
E                           name
E                           for name in stage_budget.stage_names
E                           if name not in stage_budget.sealed
E                       ],
E                       "pending_work_by_queue": {
E                           name: list(items) for name, items in work_queues.items()
E                       },
E                       "market_batch_rounds": discovery_rounds if permanent_availability else discovery_rounds,
E                       "protocol_confirmation_attempts": len(protocol_confirmation_outcomes),
E                       "protocol_confirmation_outcomes": list(protocol_confirmation_outcomes),
E                       "protocol_batch_count": int(protocol_report.get("batch_count") or 0),
E                       "protocol_source_request_ids": list(
E                           protocol_report.get("source_request_ids") or ()
E                       ),
E                       "protocol_confirmed_for_market": list(
E                           protocol_report.get("confirmed_for_market") or ()
E                       ),
E                       "protocol_local_validation_steps": int(
E                           protocol_report.get("local_validation_steps") or 0
E                       ),
E                       "protocol_transport_operations": int(
E                           protocol_report.get("transport_operations") or 0
E                       ),
E                       "migration_evidence_rejections": list(migration_evidence_rejections),
E                       "shared_source_failures": provider_failures,
E                       "holder_safety_due_count": len(work_queues.get("HOLDER_SAFETY_DUE") or ()),
E                       "market_ready_reserve_depth": len(eligible_list),
E                       "fully_eligible_reserve_depth": 0,
E                       "lawful_work_remaining_at_terminal": bool(
E                           unexplored_remaining > 0
E                           or any(work_queues.get(name) for name in work_queues)
E                       ),
E                       "lifecycle_operation_ceiling": LIFECYCLE_OPERATION_CEILING,
E                       "restart_created": False,
E                       "successor_created": False,
E                       "automatic_retry_created": False,
E                   }
E           
E                   return PersistentSupplyResult(
E                       ready=ready,
E                       terminal=terminal,
E                       eligible_reserve=eligible_list,
E                       all_candidates=all_candidates,
E                       discovery_report=discovery,
E                       front_door_report=synthetic_front_door,
E                       locator_report=locator,
E                       diagnostics=diagnostics,
E                       exhaustion_certificate=certificate,
E                       shortage_classification=shortage,
E                       discovery_rounds=discovery_rounds,
E                   )
E               finally:
E                   connection.close()

tests/test_v2_9_8b_continuation_owner_truth.py:57: AssertionError
=========================== short test summary info ============================
FAILED tests/test_v2_9_8b_continuation_owner_truth.py::test_continuation_helper_does_not_accept_temporal_owner_runtime_facts - assert 'supervision_active' not in mappingproxy(OrderedDict({'freeze_ready_depth': <Parameter "freeze_ready_depth: 'int'">, 'enrichment_work_remaining': ...esh_interval_seconds: 'int' = 600">, 'minimum_freeze_depth': <Parameter "minimum_freeze_depth: 'int | None' = None">}))
 +  where mappingproxy(OrderedDict({'freeze_ready_depth': <Parameter "freeze_ready_depth: 'int'">, 'enrichment_work_remaining': ...esh_interval_seconds: 'int' = 600">, 'minimum_freeze_depth': <Parameter "minimum_freeze_depth: 'int | None' = None">})) = <Signature (*, freeze_ready_depth: 'int', enrichment_work_remaining: 'bool', source_operations_remaining: 'int', acqui..._interval_seconds: 'int' = 600, minimum_freeze_depth: 'int | None' = None) -> 'PreLifecycleSupplyContinuationDecision'>.parameters
FAILED tests/test_v2_9_8b_continuation_owner_truth.py::test_no_lawful_static_refresh_window_can_close_as_coverage_insufficient - TypeError: decide_pre_lifecycle_supply_continuation() missing 3 required keyword-only arguments: 'supervision_active', 'cancellation_requested', and 'pending_refresh_exists'
FAILED tests/test_v2_9_8b_continuation_owner_truth.py::test_production_supply_delegates_temporal_runtime_truth_to_owner - assert 'supervision_active=True' not in 'def run_per...on.close()\n'
  
  'supervision_active=True' is contained here:
              supervision_active=True,
                    cancellation_requested=False,
                    pending_refresh_exists=False,
                    refresh_interval_seconds=int(
                        getattr(temporal_refresh_owner, "refresh_interval_seconds", 600)
                    ),
                )
                if continuation.status == WAITING_FOR_ELIGIBLE_SUPPLY:
                    if _request_temporal_refresh(
                        "ALL_REACHABLE_CANDIDATES_EVALUATED"
                    ):
                        pass
                    # Whether claimed refresh completed or wait was published, the
                    # temporal owner outcome is authoritative in last_stop_reason.
                elif (
                    continuation.status
                    == PRE_LIFECYCLE_DISCOVERY_SELECTION_COVERAGE_INSUFFICIENT
                ):
                    last_stop_reason = (
                        PRE_LIFECYCLE_DISCOVERY_SELECTION_COVERAGE_INSUFFICIENT
                    )
    
            if ready:
                terminal = GRADUATED_SUPPLY_READY
                last_stop_reason = "ELIGIBLE_CAPACITY_MET"
            elif last_stop_reason in {
                WAITING_FOR_ELIGIBLE_SUPPLY,
                ACQUISITION_QUANTUM_YIELDED,
            }:
                # Design §8.6 — current-universe exhaustion with a lawful, durably
                # owned future refresh is a nonterminal acquisition state. No
                # shortage classification and no exhaustion certificate is emitted,
                # because no shortage has been proven.
                terminal = last_stop_reason
            elif last_stop_reason == PRE_LIFECYCLE_DISCOVERY_SELECTION_COVERAGE_INSUFFICIENT:
                terminal = BLOCKED_INSUFFICIENT_ELIGIBLE_GRADUATED_POOL
            else:
                terminal = BLOCKED_INSUFFICIENT_ELIGIBLE_GRADUATED_POOL
                all_channels_exhausted = (
                    unexplored_remaining == 0
                    and last_stop_reason
                    in {
                        "ALL_REACHABLE_CANDIDATES_EVALUATED",
                        "NO_ADDITIONAL_UNIQUE_CANDIDATES_REACHABLE",
                    }
                )
                # Budget exhaustion is legal only when flat or stage capacity that
                # could execute remaining queued work is actually gone.
                executable_stage_capacity = 0
                if permanent_availability:
                    for stage_name in (
                        "market_batching",
                        "reconciliation",
                        "protocol_confirmation",
                    ):
                        if not stage_budget.is_sealed(stage_name):
                            executable_stage_capacity += stage_budget.available(
                                stage_name
                            )
                true_flat_exhausted = _ops_remaining() <= 0
                true_stage_exhausted = (
                    permanent_availability
                    and executable_stage_capacity <= 0
                    and last_stop_reason == "DISCOVERY_OPERATION_BUDGET_EXHAUSTED"
                )
                if (
                    last_stop_reason == "DISCOVERY_OPERATION_BUDGET_EXHAUSTED"
                    and not true_flat_exhausted
                    and not true_stage_exhausted
                    and unexplored_remaining > 0
                ):
                    # Do not emit false budget exhaustion while capacity remains.
                    last_stop_reason = "LAWFUL_WORK_REMAINING_WITH_CAPACITY"
                unexplored_prevented = last_stop_reason in {
                    "DISCOVERY_OPERATION_BUDGET_EXHAUSTED",
                    "CAMPAIGN_DURATION_EXHAUSTED",
                } and unexplored_remaining > 0
                terminal_provider_failures, terminal_channels_unavailable = (
                    _temporal_terminal_source_failure_facts(
                        provider_failures=provider_failures,
                        channels_unavailable=channels_unavailable,
                        acquisition_ledger=acquisition_ledger,
                        last_stop_reason=last_stop_reason,
                    )
                )
                shortage = classify_shortage(
                    provider_failures=terminal_provider_failures,
                    channels_unavailable=terminal_channels_unavailable,
                    duration_remaining_seconds=duration_remaining,
                    source_operations_remaining=_ops_remaining(),
                    unexplored_unique_remaining=unexplored_remaining,
                    eligible_count=len(eligible_list),
                    unique_tokens_observed=len(evaluated_mints),
                    discovery_rounds=discovery_rounds,
                    evaluation_batch_size=front_door_max_candidates,
                    all_channels_exhausted=all_channels_exhausted,
                    liquidity_source_unavailable=liquidity_outcome_counts.get(
                        LIQUIDITY_SOURCE_UNAVAILABLE, 0
                    ),
                    liquidity_stale_or_rate_limited=liquidity_outcome_counts.get(
                        LIQUIDITY_SOURCE_RATE_LIMITED_OR_STALE, 0
                    ),
                    liquidity_malformed_or_partial=liquidity_outcome_counts.get(
                        LIQUIDITY_RESPONSE_MALFORMED_OR_PARTIAL, 0
                    ),
                )
                shortage = _apply_permanent_shortage_precedence(
                    shortage=shortage,
                    last_stop_reason=last_stop_reason,
                    tracking_dispositions=tracking_dispositions,
                    provider_failures=terminal_provider_failures,
                    channels_unavailable=terminal_channels_unavailable,
                    liquidity_source_unavailable=liquidity_outcome_counts.get(LIQUIDITY_SOURCE_UNAVAILABLE, 0),
                    liquidity_stale_or_rate_limited=liquidity_outcome_counts.get(LIQUIDITY_SOURCE_RATE_LIMITED_OR_STALE, 0),
                    liquidity_malformed_or_partial=liquidity_outcome_counts.get(LIQUIDITY_RESPONSE_MALFORMED_OR_PARTIAL, 0),
                    true_budget_exhausted=bool(true_flat_exhausted or true_stage_exhausted),
                    duration_exhausted=bool(
                        last_stop_reason == "CAMPAIGN_DURATION_EXHAUSTED"
                        or (duration_remaining is not None and duration_remaining <= 0)
                    ),
                )
                if acquisition_ledger is not None:
                    # Design §8 — controlling temporal terminals override the
                    # instantaneous-universe classification, fail-closed and in
                    # order. A closed acquisition horizon is duration exhaustion,
                    # never "true market supply shortage".
                    if last_stop_reason == PRE_LIFECYCLE_ACQUISITION_DURATION_EXHAUSTED:
                        shortage = DURATION_EXHAUSTION
                    elif last_stop_reason == "SOURCE_AVAILABILITY_FAILURE_DURING_REFRESH":
                        shortage = SOURCE_AVAILABILITY_FAILURE
                    elif last_stop_reason in {
                        DISCOVERY_ARCHITECTURE_FALSE_SHORTAGE,
                        INTERNAL_INVARIANT,
                        INTERNAL_RUNTIME_ERROR,
                    }:
                        shortage = DISCOVERY_ARCHITECTURE_FALSE_SHORTAGE
                    elif (
                        shortage == TRUE_MARKET_SUPPLY_SHORTAGE
                        and acquisition_ledger.remaining_seconds(_utc_now_iso()) > 0
                        and acquisition_ledger.opportunities_scheduled > 0
                    ):
                        # One instantaneous universe exhaustion inside a live
                        # horizon is never a proven true market shortage.
                        shortage = DURATION_EXHAUSTION
                    acquisition_ledger.controlling_shortage_classification = shortage
                certificate = ExhaustionCertificate(
                    certificate_id=(
                        f"exh-{execution_id or campaign_id or uuid.uuid4().hex[:12]}"
                    ),
                    campaign_id=campaign_id,
                    execution_id=execution_id,
                    run_id=run_id,
                    cycle_id=cycle_id,
                    required_eligible_capacity=required_token_capacity,
                    eligible_reserve_count=len(eligible_list),
                    approved_discovery_channels_attempted=channels_attempted,
                    channels_unavailable=channels_unavailable,
                    unique_tokens_observed=len(evaluated_mints),
                    duplicate_observations_removed=duplicate_observations_removed,
                    tokens_already_known_from_inventory=inventory_known_at_start,
                    pools_confirmed=pools_confirmed,
                    fresh_market_checks=fresh_market_checks,
                    eligible_count=len(eligible_list),
                    rejected_count=sum(1 for c in all_candidates if not c.get("eligible")),
                    rejection_reasons=dict(rejection_reasons),
                    cooldown_skips=cooldown_skips,
                    stale_evidence_exclusions=stale_exclusions,
                    provider_failures=provider_failures,
                    liquidity_stage_provider_failures=(
                        liquidity_stage_provider_failures
                    ),
                    liquidity_outcome_counts=dict(liquidity_outcome_counts),
                    candidate_liquidity_lineage=[
                        _candidate_liquidity_lineage(candidate)
                        for candidate in all_candidates
                    ],
                    source_operations_used=ops_used,
                    source_operations_remaining=_ops_remaining(),
                    duration_used_seconds=duration_used,
                    duration_remaining_seconds=duration_remaining,
                    unexplored_work_prevented_by_hard_ceiling=unexplored_prevented,
                    last_reason_discovery_could_not_continue=last_stop_reason,
                    shortage_classification=shortage,
                    discovery_rounds=discovery_rounds,
                    created_at=now,
                    pre_lifecycle_acquisition=(
                        None
                        if acquisition_ledger is None
                        else acquisition_ledger.to_dict(now=_utc_now_iso())
                    ),
                )
                if persist_terminal_certificate:
                    persist_exhaustion_certificate(connection, certificate)
                connection.commit()
    
            # Build a synthetic front-door report compatible with existing consumers.
            combined_reserve = eligible_list[: max(required_token_capacity, len(eligible_list))]
            synthetic_front_door = dict(last_front_door) if last_front_door else {}
            synthetic_front_door.update(
                {
                    "candidates": [
                        {
                            "mint": c["mint"],
                            "pool": c["pumpswap_pool"],
                            "market_identity": c["market_identity"],
                            "provenance": c["provenance"],
                            "lifecycle_state": c.get("lifecycle_state"),
                            "graduation_block_time": c.get("graduation_block_time"),
                            "liquidity": dict(c.get("liquidity") or {}),
                            "evidence_expires_at": c.get("evidence_expires_at"),
                            "historical_reserve_evidence": c.get(
                                "historical_reserve_evidence"
                            ),
                            "current_eligibility_status": c.get(
                                "current_eligibility_status",
                                ELIGIBLE_FRESH if c.get("eligible") else EXCLUDED,
                            ),
                            "excluded_before_market_source": bool(
                                c.get("excluded_before_market_source")
                            ),
                            "tracking_handoff": dict(c.get("tracking_handoff") or {}),
                            "tracking_requalification_required": bool(
                                c.get("tracking_requalification_required")
                                or (c.get("tracking_handoff") or {}).get(
                                    "requalification_required"
                                )
                            ),
                            "eligible": bool(c.get("eligible")),
                            "rejection": (
                                None if c.get("eligible") else _candidate_rejection_reason(c)
                            ),
                        }
                        for c in all_candidates
                    ],
                    "candidate_count": len(all_candidates),
                    "combined_reserve_order": [
                        {
                            "mint": c["mint"],
                            "pool": c["pumpswap_pool"],
                            "market_identity": c["market_identity"],
                            "provenance": c["provenance"],
                            "lifecycle_state": c.get("lifecycle_state"),
                            "graduation_block_time": c.get("graduation_block_time"),
                            "liquidity": dict(c.get("liquidity") or {}),
                            "evidence_expires_at": c.get("evidence_expires_at"),
                            "tracking_handoff": dict(c.get("tracking_handoff") or {}),
                            "tracking_requalification_required": bool(
                                c.get("tracking_requalification_required")
                            ),
                            "eligible": True,
                            "rejection": None,
                        }
                        for c in combined_reserve
                    ],
                    "holder_reserve_order": [
                        {
                            "mint": c["mint"],
                            "pool": c["pumpswap_pool"],
                            "market_identity": c["market_identity"],
                            "provenance": c["provenance"],
                            "eligible": True,
                        }
                        for c in combined_reserve
                    ],
                    "latest_eligible_count": sum(
                        1
                        for c in eligible_list
                        if "LATEST" in str(c.get("provenance") or "")
                    ),
                    "persisted_eligible_count": sum(
                        1
                        for c in eligible_list
                        if "LATEST" not in str(c.get("provenance") or "")
                    ),
                    "market_calls": fresh_market_checks,
                    "cooldown_skip_count": cooldown_skips,
                    "selection_floor_usd": SELECTION_FLOOR_USD,
                    "discovery_rounds": discovery_rounds,
                    "evaluated_unique_mints": len(evaluated_mints),
                    "eligible_reserve_count": len(eligible_list),
                    "permanent_market_reports": permanent_market_reports,
                }
            )
    
            integrity = connection.execute("PRAGMA integrity_check").fetchone()[0]
            fk = connection.execute("PRAGMA foreign_key_check").fetchall()
    
            diagnostics = {
                "cooperative_phase": cooperative_phase,
                "next_cooperative_phase": (
                    "AUXILIARY_LIQUIDITY_BACKUP"
                    if cooperative_quantum
                    and cooperative_phase == "AUXILIARY_FRESH_INTAKE"
                    else "AUXILIARY_LIQUIDITY_BACKUP"
                    if cooperative_quantum
                    and cooperative_phase == "AUXILIARY_LIQUIDITY_BACKUP"
                    and liquidity_backup_work_remaining
                    else "AUXILIARY_PROTOCOL_CONFIRMATION"
                    if cooperative_quantum
                    and cooperative_phase == "AUXILIARY_LIQUIDITY_BACKUP"
                    else "AUXILIARY_PROTOCOL_CONFIRMATION"
                    if cooperative_quantum
                    and cooperative_phase == "AUXILIARY_PROTOCOL_CONFIRMATION"
                    and protocol_confirmation_work_remaining
                    else "DIRECT_MIGRATION"
                    if cooperative_quantum
                    and cooperative_phase == "DIRECT_MIGRATION"
                    and str(discovery.get("status") or "")
                    == ACQUISITION_QUANTUM_YIELDED
                    else "DIRECT_MIGRATION"
                    if cooperative_quantum
                    and cooperative_phase == "AUXILIARY_PROTOCOL_CONFIRMATION"
                    # One attempt performs at most one LIVE_TAIL page and one
                    # BACKFILL page, always in separate Scheduler claims.
                    else "DIRECT_MIGRATION"
                    if cooperative_quantum
                    and cooperative_phase == "DIRECT_MIGRATION"
                    and direct_backfill_due
                    else "MARKET_DISCOVERY"
                    if cooperative_quantum and cooperative_phase == "DIRECT_MIGRATION"
                    else "PROTOCOL_CONFIRMATION"
                    if cooperative_quantum
                    and cooperative_phase == "MARKET_DISCOVERY"
                    and bool(work_queues["PROTOCOL_CONFIRMATION_DUE"])
                    else "PROTOCOL_RESUME_MARKET"
                    if cooperative_quantum
                    and cooperative_phase == "PROTOCOL_CONFIRMATION"
                    and bool(work_queues["PROTOCOL_RESUME_MARKET_DUE"])
                    else "PROTOCOL_CONFIRMATION"
                    if cooperative_quantum
                    and cooperative_phase == "PROTOCOL_CONFIRMATION"
                    and protocol_confirmation_work_remaining
                    else "PROTOCOL_RESUME_MARKET"
                    if cooperative_quantum
                    and cooperative_phase == "PROTOCOL_RESUME_MARKET"
                    and protocol_resume_market_work_remaining
                    else "PROTOCOL_CONFIRMATION"
                    if cooperative_quantum
                    and cooperative_phase == "PROTOCOL_RESUME_MARKET"
                    and bool(work_queues["PROTOCOL_CONFIRMATION_DUE"])
                    else "MARKET_DISCOVERY"
                    if cooperative_quantum
                    else None
                ),
                # --- Slice B direct acquisition mode state -----------------------
                "direct_acquisition_mode": (
                    direct_acquisition_mode if run_direct_this_quantum else None
                ),
                "next_direct_acquisition_mode": (
                    BACKFILL_MODE
                    if direct_backfill_due
                    # The next attempt always restarts at the live tail.
                    else LIVE_TAIL_MODE
                ),
                "direct_live_tail_completed": bool(
                    run_direct_this_quantum
                    and direct_acquisition_mode == LIVE_TAIL_MODE
                    and str(discovery.get("status") or "")
                    != ACQUISITION_QUANTUM_YIELDED
                ),
                "direct_backfill_completed": bool(
                    run_direct_this_quantum
                    and direct_acquisition_mode == BACKFILL_MODE
                    and str(discovery.get("status") or "")
                    != ACQUISITION_QUANTUM_YIELDED
                ),
                "direct_migration_cursor": dict(
                    discovery.get("cursor_state_after") or {}
                ),
                "direct_migration_indexed_address": discovery.get("indexed_address"),
                "direct_signature_pages_requested": int(
                    discovery.get("signature_pages_requested") or 0
                ),
                "confirmed_this_cycle": int(discovery.get("confirmed_count") or 0),
                "latest_graduated_count": int(discovery.get("latest_graduated_count") or 0),
                "persisted_graduated_count": int(
                    discovery.get("persisted_graduated_count") or 0
                ),
                "front_door_candidate_count": len(all_candidates),
                "latest_eligible_count": synthetic_front_door["latest_eligible_count"],
                "persisted_eligible_count": synthetic_front_door["persisted_eligible_count"],
                "combined_reserve_count": len(eligible_list),
                "below_floor_count": int(rejection_reasons.get(LIQUIDITY_BELOW_SELECTION_FLOOR, 0)),
                "unproven_count": int(rejection_reasons.get(LIQUIDITY_UNPROVEN, 0)),
                "selection_floor_usd": SELECTION_FLOOR_USD,
                "discovery_forbidden_delta_total": int(
                    discovery.get("forbidden_delta_total") or 0
                ),
                "front_door_forbidden_delta_total": int(
                    (last_front_door or {}).get("forbidden_delta_total") or 0
                ),
                "locator_status": locator.get("status"),
                "locator_matched_count": int(locator.get("matched_count") or 0),
                "locator_source_requests": int(locator.get("source_requests") or 0),
                "dexscreener_locator": {
                    "request_id": locator.get("request_id"),
                    "source_request_ids": list(
                        locator.get("source_request_ids")
                        or (
                            [int(locator["request_id"])]
                            if locator.get("request_id") is not None
                            else []
                        )
                    ),
                    "source_request_coverage": list(
                        locator.get("source_request_coverage") or ()
                    ),
                    "status": locator.get("status"),
                    "source_requests": int(locator.get("source_requests") or 0),
                    "accounting_blocker": bool(locator.get("accounting_blocker")),
                    "accounting_blocker_reason": locator.get(
                        "accounting_blocker_reason"
                    ),
                },
                "direct_migration_discovery": {
                    "source_request_ids": list(
                        discovery.get("source_request_ids")
                        or (discovery.get("source_operation_ledger") or {}).get(
                            "source_request_ids"
                        )
                        or (discovery.get("source_operation_ledger") or {}).get(
                            "request_ids"
                        )
                        or ()
                    ),
                    "source_request_coverage": list(
                        discovery.get("source_request_coverage")
                        or (discovery.get("source_operation_ledger") or {}).get(
                            "source_request_coverage"
                        )
                        or ()
                    ),
                    "status": discovery.get("status"),
                    "source_operation_ledger": dict(
                        discovery.get("source_operation_ledger") or {}
                    ),
                    "campaign_safe_stop": bool(discovery.get("campaign_safe_stop")),
                    "accounting_block_reason": discovery.get("accounting_block_reason"),
                    "accounting_blocker": bool(
                        discovery.get("campaign_safe_stop")
                        or discovery.get("accounting_blocker")
                    ),
                    "accounting_blocker_reason": discovery.get(
                        "accounting_blocker_reason"
                    )
                    or discovery.get("accounting_block_reason"),
                    "new_governed_request_count": direct_new_source_requests,
                    "next_governed_request_kind": discovery.get(
                        "next_governed_request_kind"
                    ),
                    "next_governed_request_worst_case_seconds": discovery.get(
                        "next_governed_request_worst_case_seconds"
                    ),
                },
                "geckoterminal_nomination": geckoterminal_nomination_report,
                "discovery_source_requests": direct_new_source_requests,
                "direct_migration_protocol_confirmation_requests": (
                    direct_protocol_confirmation_calls
                ),
                "front_door_liquidity_requests": fresh_market_checks,
                "stage_local_source_requests": ops_used,
                "integrity_check": integrity,
                "foreign_key_violations": len(fk),
                "discovery_rounds": discovery_rounds,
                "evaluated_unique_mints": len(evaluated_mints),
                "unexplored_unique_remaining": unexplored_remaining,
                "discovery_operation_budget": discovery_operation_budget,
                "discovery_operations_used": ops_used,
                "discovery_operations_remaining": _ops_remaining(),
                "last_stop_reason": last_stop_reason,
                "shortage_classification": shortage,
                "pre_lifecycle_acquisition": (
                    None
                    if acquisition_ledger is None
                    else acquisition_ledger.to_dict(now=_utc_now_iso())
                ),
                "required_token_capacity": required_token_capacity,
                "freeze_ready_depth": int(freeze_ready_depth_measured),
                "freeze_ready_measurement": dict(freeze_ready_measurement_diagnostics),
                "eligible_reserve_count": len(eligible_list),
                "cooldown_skips": cooldown_skips,
                "tracking_precheck_enabled": bool(tracking_precheck),
                "tracking_dispositions": dict(tracking_dispositions),
                "tracking_terminal_cause": next(
                    (
                        str(item.get("category"))
                        for _, item in sorted(tracking_dispositions.items())
                        if not bool(item.get("eligible_for_evidence"))
                    ),
                    None,
                ),
                "pre_source_tracking_exclusions": sum(
                    1
                    for candidate in all_candidates
                    if candidate.get("excluded_before_market_source")
                ),
                "stale_evidence_exclusions": stale_exclusions,
                "provider_failures": provider_failures,
                "liquidity_stage_provider_failures": (
                    liquidity_stage_provider_failures
                ),
                "channels_unavailable": sorted(set(channels_unavailable)),
                "liquidity_outcome_counts": dict(liquidity_outcome_counts),
                "candidate_liquidity_lineage": [
                    _candidate_liquidity_lineage(candidate)
                    for candidate in all_candidates
                ],
                "duplicate_observations_removed": duplicate_observations_removed,
                "evaluation_batch_size": front_door_max_candidates,
                "permanent_availability": bool(permanent_availability),
                "protocol_confirmation": {
                    "source_request_ids": list(
                        (protocol_report or {}).get("source_request_ids") or ()
                    ),
                    "source_request_coverage": list(
                        (protocol_report or {}).get("source_request_coverage") or ()
                    ),
                    "promoted_observation_eligible_count": len(
                        (protocol_report or {}).get("promoted_observation_eligible")
                        or ()
                    ),
                    "requires_market_revalidation_count": len(
                        (protocol_report or {}).get("requires_market_revalidation")
                        or ()
                    ),
                    "outcome_counts": dict(
                        (protocol_report or {}).get("outcome_counts") or {}
                    ),
                    "sealed_stage_present": bool(
                        (protocol_report or {}).get("sealed_stage_evidence")
                    ),
                    "sealed_stage_evidence_blocks": list(
                        (protocol_report or {}).get("sealed_stage_evidence_blocks")
                        or ()
                    ),
                    "accounting_blocker": bool(
                        (protocol_report or {}).get("accounting_blocker")
                    ),
                    "accounting_blocker_reason": (
                        protocol_report or {}
                    ).get("accounting_blocker_reason"),
                },
                "liquidity_backup": {
                    "source_requests": int(
                        liquidity_backup_report.get("source_requests") or 0
                    ),
                    "source_request_ids": list(
                        liquidity_backup_report.get("source_request_ids") or ()
                    ),
                    "source_request_coverage": list(
                        liquidity_backup_report.get("source_request_coverage") or ()
                    ),
                    "transport_operations": int(
                        liquidity_backup_report.get("transport_operations") or 0
                    ),
                    "accounting_blocker": bool(
                        liquidity_backup_report.get("accounting_blocker")
                    ),
                    "accounting_blocker_reason": liquidity_backup_report.get(
                        "accounting_blocker_reason"
                    ),
                    "attempts": list(liquidity_backup_report.get("attempts") or ()),
                    "above_floor_promoted_to_protocol_due": int(
                        liquidity_backup_report.get(
                            "above_floor_promoted_to_protocol_due"
                        )
                        or 0
                    ),
                    "below_floor": int(liquidity_backup_report.get("below_floor") or 0),
                    "exact_pool_no_match": int(
                        liquidity_backup_report.get("exact_pool_no_match") or 0
                    ),
                    "still_unknown": int(
                        liquidity_backup_report.get("still_unknown") or 0
                    ),
                },
                "geckoterminal_nomination": dict(geckoterminal_nomination_report),
                "permanent_market_reports": list(permanent_market_reports),
                "campaign_source_request_coverage": _current_source_request_coverage(),
                "discovery_request_key_prefix": discovery_request_key_prefix,
                "memory_observation_eligible_count": sum(
                    1
                    for item in eligible_list
                    if item.get("memory_observation_eligible") is True
                ),
                "nominations_by_source": {
                    "direct_pump_migration": int(
                        discovery.get("confirmed_count") or 0
                    ),
                    "dexscreener_fresh_profiles": int(
                        locator.get("surfaced_count") or 0
                    ),
                    "geckoterminal_new_pools": len(
                        geckoterminal_nomination_report.get("nominations") or ()
                    ),
                    "due_persisted_graduated": int(inventory_known_at_start),
                },
                "unique_mints_by_source": {
                    "direct_pump_migration": sorted(latest_mints),
                    "dexscreener_fresh_profiles": sorted(
                        {
                            str(item.get("mint") or "")
                            for item in locator.get("pool_observations") or ()
                            if item.get("mint")
                        }
                    ),
                    "geckoterminal_new_pools": sorted(
                        {
                            str(item.get("mint") or "")
                            for item in geckoterminal_nomination_report.get(
                                "nominations"
                            )
                            or ()
                            if item.get("mint")
                        }
                    ),
                },
                "permanent_batch_sizes": [
                    size
                    for report in permanent_market_reports
                    for size in report.get("batch_sizes", ())
                ],
                "exact_pools_by_mint": {
                    mint: pools
                    for report in permanent_market_reports
                    for mint, pools in report.get("exact_pools_by_mint", {}).items()
                },
                "market_ready_count": len(eligible_list),
                "reconciliation_outcomes": [
                    outcome
                    for report in permanent_market_reports
                    for outcome in report.get("reconciliation_outcomes", ())
                ],
                "state_transition_ids": [
                    transition_id
                    for report in permanent_market_reports
                    for transition_id in report.get("state_transition_ids", ())
                ],
                "suppressed_exact_pool_count": sum(
                    int(report.get("suppressed_exact_pool_count") or 0)
                    for report in permanent_market_reports
                ),
                "local_zero_source_exclusions": [
                    exclusion
                    for report in permanent_market_reports
                    for exclusion in report.get("local_zero_source_exclusions", ())
                ],
                "stage_reservations": {
                    name: reserved for name, reserved in stage_budget.reservations
                },
                "stage_operations_used": dict(stage_budget.used_by_stage),
                "stage_total_ceiling": stage_budget.total_ceiling,
                "stage_capacity": stage_budget.snapshot(),
                "sealed_stages": sorted(stage_budget.sealed),
                "unsealed_stages": [
                    name
                    for name in stage_budget.stage_names
                    if name not in stage_budget.sealed
                ],
                "pending_work_by_queue": {
                    name: list(items) for name, items in work_queues.items()
                },
                "market_batch_rounds": discovery_rounds if permanent_availability else discovery_rounds,
                "protocol_confirmation_attempts": len(protocol_confirmation_outcomes),
                "protocol_confirmation_outcomes": list(protocol_confirmation_outcomes),
                "protocol_batch_count": int(protocol_report.get("batch_count") or 0),
                "protocol_source_request_ids": list(
                    protocol_report.get("source_request_ids") or ()
                ),
                "protocol_confirmed_for_market": list(
                    protocol_report.get("confirmed_for_market") or ()
                ),
                "protocol_local_validation_steps": int(
                    protocol_report.get("local_validation_steps") or 0
                ),
                "protocol_transport_operations": int(
                    protocol_report.get("transport_operations") or 0
                ),
                "migration_evidence_rejections": list(migration_evidence_rejections),
                "shared_source_failures": provider_failures,
                "holder_safety_due_count": len(work_queues.get("HOLDER_SAFETY_DUE") or ()),
                "market_ready_reserve_depth": len(eligible_list),
                "fully_eligible_reserve_depth": 0,
                "lawful_work_remaining_at_terminal": bool(
                    unexplored_remaining > 0
                    or any(work_queues.get(name) for name in work_queues)
                ),
                "lifecycle_operation_ceiling": LIFECYCLE_OPERATION_CEILING,
                "restart_created": False,
                "successor_created": False,
                "automatic_retry_created": False,
            }
    
            return PersistentSupplyResult(
                ready=ready,
                terminal=terminal,
                eligible_reserve=eligible_list,
                all_candidates=all_candidates,
                discovery_report=discovery,
                front_door_report=synthetic_front_door,
                locator_report=locator,
                diagnostics=diagnostics,
                exhaustion_certificate=certificate,
                shortage_classification=shortage,
                discovery_rounds=discovery_rounds,
            )
        finally:
            connection.close()
3 failed in 0.64s
