F                                                                        [100%]
=================================== FAILURES ===================================
_____ test_completed_refresh_carries_stage_coverage_out_of_existing_owner ______

tmp_path = PosixPath('/tmp/pytest-of-runner/pytest-0/test_completed_refresh_carries0')

    def test_completed_refresh_carries_stage_coverage_out_of_existing_owner(tmp_path):
        """Behavioral RED: a real completed refresh must carry its exact coverage."""
        from printer_v1.db import apply_migrations
        from printer_v1.discovery.pre_lifecycle_temporal_acquisition import REFRESH_COMPLETED
        from printer_v1.operator_cli.pre_lifecycle_persistent_refresh_owner import (
            PreLifecycleTemporalRefreshOwner,
        )
    
        db_path = tmp_path / "refresh-coverage.sqlite3"
        apply_migrations(db_path)
        entry = _coverage(42)
    
        def refresh_stage(
            connection,
            *,
            campaign_id,
            run_id,
            cycle_id,
            **kwargs,
        ):
            return {
                "campaign_id": campaign_id,
                "run_id": run_id,
                "cycle_id": cycle_id,
                "source_operations": 1,
                "provider_failures": 0,
                "channels_unavailable": (),
                "channels_attempted": ("dexscreener",),
                "channels_skipped": (),
                "stage_reports": {
                    "dex": {"source_request_coverage": [entry]},
                },
            }
    
        owner = PreLifecycleTemporalRefreshOwner(
            db_path,
            campaign_id="campaign",
            run_id="run",
            cycle_id="cycle",
            supervision_id="supervision",
            source_governor=SimpleNamespace(available=True),
            central_scheduler=SimpleNamespace(available=True),
            acquisition_started_at="2026-08-31T23:59:59+00:00",
            acquisition_deadline_at="2026-09-01T00:10:00+00:00",
            work_deadline_at="2026-09-01T00:20:00+00:00",
            refresh_stage=refresh_stage,
            waiter=lambda _seconds: False,
            refresh_interval_seconds=1,
        )
        outcome = owner.request_temporal_refresh(
            reserve_depth=0,
            required_capacity=4,
            universe_state="ALL_REACHABLE_CANDIDATES_EVALUATED",
            source_operations_remaining=4,
            now="2026-09-01T00:00:00+00:00",
        )
    
        assert outcome.status == REFRESH_COMPLETED
        payload = outcome.to_dict()
        assert [
            int(row["source_request_id"])
>           for row in payload["source_request_coverage"]
                       ^^^^^^^^^^^^^^^^^^^^^^^^^^^^^^^^^^
        ] == [42]
E       KeyError: 'source_request_coverage'

tests/test_v2_9_8b_refresh_coverage_carry.py:80: KeyError
=========================== short test summary info ============================
FAILED tests/test_v2_9_8b_refresh_coverage_carry.py::test_completed_refresh_carries_stage_coverage_out_of_existing_owner - KeyError: 'source_request_coverage'
1 failed in 2.14s
